// Vitest Snapshot v1, https://vitest.dev/guide/snapshot.html

exports[`scan CLI > json output matches the normalized snapshot 1`] = `
"{
  "home": "<home>",
  "total": 6,
  "skills": [
    {
      "agents": [
        "cline",
        "dexto",
        "kimi-code-cli",
        "loaf",
        "warp",
        "zed"
      ],
      "relSkillsDir": ".agents/skills",
      "dirName": "deploy-checklist",
      "path": "<home>/.agents/skills/deploy-checklist/SKILL.md",
      "name": "deploy-checklist",
      "description": "Run through the pre-deploy checklist covering tests, migrations, feature flags, and rollback plans. Use before any production deployment."
    },
    {
      "agents": [
        "cline",
        "dexto",
        "kimi-code-cli",
        "loaf",
        "warp",
        "zed"
      ],
      "relSkillsDir": ".agents/skills",
      "dirName": "mismatched-name",
      "path": "<home>/.agents/skills/mismatched-name/SKILL.md",
      "name": "release-runbook",
      "description": "Guide the release process from tagging to changelog to announcement. Use when cutting a new release."
    },
    {
      "agents": [
        "claude-code"
      ],
      "relSkillsDir": ".claude/skills",
      "dirName": "broken-frontmatter",
      "path": "<home>/.claude/skills/broken-frontmatter/SKILL.md",
      "error": "missed comma between flow collection entries at line 4, column 1:\\n    tags: {also: broken\\n    ^"
    },
    {
      "agents": [
        "claude-code"
      ],
      "relSkillsDir": ".claude/skills",
      "dirName": "commit-style",
      "path": "<home>/.claude/skills/commit-style/SKILL.md",
      "name": "commit-style",
      "description": "Write commit messages following the conventional commits specification. Use when committing changes or reviewing commit history style."
    },
    {
      "agents": [
        "claude-code"
      ],
      "relSkillsDir": ".claude/skills",
      "dirName": "git-helper",
      "path": "<home>/.claude/skills/git-helper/SKILL.md",
      "name": "git-helper",
      "description": "Help with git operations like rebase, cherry-pick, and resolving merge conflicts. Use when the user asks about git commands or version control workflows."
    },
    {
      "agents": [
        "gemini-cli"
      ],
      "relSkillsDir": ".gemini/skills",
      "dirName": "code-review-helper",
      "path": "<home>/.gemini/skills/code-review-helper/SKILL.md",
      "name": "code-review-helper",
      "description": "Review code changes for correctness, naming, and test coverage. Use when the user asks for a code review or PR feedback."
    }
  ]
}"
`;
